// Jest Snapshot v1, https://goo.gl/fbAQLP

exports[`CitiesList renders correctly after launch 1`] = `
<ul
  className="locations__list tabs__list"
>
  <li
    className="locations__item"
  >
    <a
      className="locations__item-link tabs__item"
      href="#"
      onClick={[Function]}
    >
      <span>
        Manila
      </span>
    </a>
  </li>
  <li
    className="locations__item"
  >
    <a
      className="locations__item-link tabs__item"
      href="#"
      onClick={[Function]}
    >
      <span>
        Delhi
      </span>
    </a>
  </li>
  <li
    className="locations__item"
  >
    <a
      className="locations__item-link tabs__item"
      href="#"
      onClick={[Function]}
    >
      <span>
        Abu Dhabi
      </span>
    </a>
  </li>
  <li
    className="locations__item"
  >
    <a
      className="locations__item-link tabs__item"
      href="#"
      onClick={[Function]}
    >
      <span>
        Burkina Faso
      </span>
    </a>
  </li>
  <li
    className="locations__item"
  >
    <a
      className="locations__item-link tabs__item"
      href="#"
      onClick={[Function]}
    >
      <span>
        Kaya
      </span>
    </a>
  </li>
</ul>
`;
