// Jest Snapshot v1, https://goo.gl/fbAQLP

exports[`CityTab renders correctly after launch 1`] = `null`;
